Archive member included to satisfy reference by file (symbol)

/usr/lib/gcc/arm-none-eabi/10.3.1/../../../arm-none-eabi/lib/thumb/v6-m/nofp/libc_nano.a(lib_a-memcpy-stub.o)
                              /tmp/cc9z2Xoa.o (memcpy)
/usr/lib/gcc/arm-none-eabi/10.3.1/../../../arm-none-eabi/lib/thumb/v6-m/nofp/libc_nano.a(lib_a-memset.o)
                              /tmp/cc9z2Xoa.o (memset)
/usr/lib/gcc/arm-none-eabi/10.3.1/thumb/v6-m/nofp/libgcc.a(_muldi3.o)
                              /tmp/cc9z2Xoa.o (__aeabi_lmul)

Discarded input sections

 .group         0x0000000000000000        0xc /tmp/cc9z2Xoa.o
 .group         0x0000000000000000        0xc /tmp/cc9z2Xoa.o
 .text          0x0000000000000000        0x0 /tmp/cc9z2Xoa.o
 .data          0x0000000000000000        0x0 /tmp/cc9z2Xoa.o
 .bss           0x0000000000000000        0x0 /tmp/cc9z2Xoa.o
 .data.pEXTI_IMR
                0x0000000000000000        0x4 /tmp/cc9z2Xoa.o
 .data.pEXTI_PR
                0x0000000000000000        0x4 /tmp/cc9z2Xoa.o
 .data.pEXTI_RTSR
                0x0000000000000000        0x4 /tmp/cc9z2Xoa.o
 .data.pGPIOB_AFRH
                0x0000000000000000        0x4 /tmp/cc9z2Xoa.o
 .data.pTSC_IOASCR
                0x0000000000000000        0x4 /tmp/cc9z2Xoa.o
 .data          0x0000000000000000        0x0 /usr/lib/gcc/arm-none-eabi/10.3.1/../../../arm-none-eabi/lib/thumb/v6-m/nofp/libc_nano.a(lib_a-memcpy-stub.o)
 .bss           0x0000000000000000        0x0 /usr/lib/gcc/arm-none-eabi/10.3.1/../../../arm-none-eabi/lib/thumb/v6-m/nofp/libc_nano.a(lib_a-memcpy-stub.o)
 .data          0x0000000000000000        0x0 /usr/lib/gcc/arm-none-eabi/10.3.1/../../../arm-none-eabi/lib/thumb/v6-m/nofp/libc_nano.a(lib_a-memset.o)
 .bss           0x0000000000000000        0x0 /usr/lib/gcc/arm-none-eabi/10.3.1/../../../arm-none-eabi/lib/thumb/v6-m/nofp/libc_nano.a(lib_a-memset.o)
 .data          0x0000000000000000        0x0 /usr/lib/gcc/arm-none-eabi/10.3.1/thumb/v6-m/nofp/libgcc.a(_muldi3.o)
 .bss           0x0000000000000000        0x0 /usr/lib/gcc/arm-none-eabi/10.3.1/thumb/v6-m/nofp/libgcc.a(_muldi3.o)

Memory Configuration

Name             Origin             Length             Attributes
flash            0x0000000008000000 0x0000000000020000 xr
sram             0x0000000020000000 0x0000000000004000 xrw
*default*        0x0000000000000000 0xffffffffffffffff

Linker script and memory map

LOAD /tmp/cc9z2Xoa.o
LOAD /usr/lib/gcc/arm-none-eabi/10.3.1/../../../arm-none-eabi/lib/thumb/v6-m/nofp/libc_nano.a
LOAD /usr/lib/gcc/arm-none-eabi/10.3.1/thumb/v6-m/nofp/libgcc.a
                0x0000000020004000                _estack = (ORIGIN (sram) + LENGTH (sram))

.vectors        0x0000000008000000       0x9c
 *(.vectors)
 .vectors       0x0000000008000000       0x9c /tmp/cc9z2Xoa.o
                0x0000000008000000                vector_table

.text           0x000000000800009c      0x5e4
 *(.text*)
 .text.Default_Handler
                0x000000000800009c        0x2 /tmp/cc9z2Xoa.o
                0x000000000800009c                HardFault_Handler
                0x000000000800009c                NMI_Handler
                0x000000000800009c                Default_Handler
 *fill*         0x000000000800009e        0x2 
 .text.TSC_IRQHandler
                0x00000000080000a0       0x50 /tmp/cc9z2Xoa.o
                0x00000000080000a0                TSC_IRQHandler
 .text.usart1_init
                0x00000000080000f0       0x84 /tmp/cc9z2Xoa.o
                0x00000000080000f0                usart1_init
 .text.usart1_send_char
                0x0000000008000174       0x1c /tmp/cc9z2Xoa.o
                0x0000000008000174                usart1_send_char
 .text.usart1_send_string
                0x0000000008000190       0x14 /tmp/cc9z2Xoa.o
                0x0000000008000190                usart1_send_string
 .text.usart1_send_uint32
                0x00000000080001a4       0x4c /tmp/cc9z2Xoa.o
                0x00000000080001a4                usart1_send_uint32
 .text.TSC_init
                0x00000000080001f0      0x198 /tmp/cc9z2Xoa.o
                0x00000000080001f0                TSC_init
 .text.led_init
                0x0000000008000388       0x34 /tmp/cc9z2Xoa.o
                0x0000000008000388                led_init
 .text.update_leds
                0x00000000080003bc       0x50 /tmp/cc9z2Xoa.o
                0x00000000080003bc                update_leds
 .text.startup.main
                0x000000000800040c       0x80 /tmp/cc9z2Xoa.o
                0x000000000800040c                main
 .text._reset   0x000000000800048c       0x4c /tmp/cc9z2Xoa.o
                0x000000000800048c                _reset
 .text          0x00000000080004d8       0xa4 /usr/lib/gcc/arm-none-eabi/10.3.1/../../../arm-none-eabi/lib/thumb/v6-m/nofp/libc_nano.a(lib_a-memcpy-stub.o)
                0x00000000080004d8                memcpy
 .text          0x000000000800057c       0xa8 /usr/lib/gcc/arm-none-eabi/10.3.1/../../../arm-none-eabi/lib/thumb/v6-m/nofp/libc_nano.a(lib_a-memset.o)
                0x000000000800057c                memset
 .text          0x0000000008000624       0x5c /usr/lib/gcc/arm-none-eabi/10.3.1/thumb/v6-m/nofp/libgcc.a(_muldi3.o)
                0x0000000008000624                __aeabi_lmul
                0x0000000008000624                __muldi3

.glue_7         0x0000000008000680        0x0
 .glue_7        0x0000000008000680        0x0 linker stubs

.glue_7t        0x0000000008000680        0x0
 .glue_7t       0x0000000008000680        0x0 linker stubs

.vfp11_veneer   0x0000000008000680        0x0
 .vfp11_veneer  0x0000000008000680        0x0 linker stubs

.v4_bx          0x0000000008000680        0x0
 .v4_bx         0x0000000008000680        0x0 linker stubs

.iplt           0x0000000008000680        0x0
 .iplt          0x0000000008000680        0x0 /tmp/cc9z2Xoa.o

.rodata         0x0000000008000680       0x15
 *(.rodata*)
 .rodata.main.str1.1
                0x0000000008000680       0x15 /tmp/cc9z2Xoa.o

.rel.dyn        0x0000000008000698        0x0
 .rel.iplt      0x0000000008000698        0x0 /tmp/cc9z2Xoa.o

.data           0x0000000020000000       0x70 load address 0x0000000008000695
                0x0000000020000000                _sdata = .
 *(.first_data)
 *(.data SORT_BY_NAME(.data.*))
 .data.group1_threshold
                0x0000000020000000        0x4 /tmp/cc9z2Xoa.o
                0x0000000020000000                group1_threshold
 .data.group2_threshold
                0x0000000020000004        0x4 /tmp/cc9z2Xoa.o
                0x0000000020000004                group2_threshold
 .data.group3_threshold
                0x0000000020000008        0x4 /tmp/cc9z2Xoa.o
                0x0000000020000008                group3_threshold
 .data.pGPIOA_AFRH
                0x000000002000000c        0x4 /tmp/cc9z2Xoa.o
                0x000000002000000c                pGPIOA_AFRH
 .data.pGPIOA_AFRL
                0x0000000020000010        0x4 /tmp/cc9z2Xoa.o
                0x0000000020000010                pGPIOA_AFRL
 .data.pGPIOA_MODER
                0x0000000020000014        0x4 /tmp/cc9z2Xoa.o
                0x0000000020000014                pGPIOA_MODER
 .data.pGPIOB_AFRL
                0x0000000020000018        0x4 /tmp/cc9z2Xoa.o
                0x0000000020000018                pGPIOB_AFRL
 .data.pGPIOB_MODER
                0x000000002000001c        0x4 /tmp/cc9z2Xoa.o
                0x000000002000001c                pGPIOB_MODER
 .data.pGPIOC_MODER
                0x0000000020000020        0x4 /tmp/cc9z2Xoa.o
                0x0000000020000020                pGPIOC_MODER
 .data.pGPIOC_ODR
                0x0000000020000024        0x4 /tmp/cc9z2Xoa.o
                0x0000000020000024                pGPIOC_ODR
 .data.pNVIC_ISER
                0x0000000020000028        0x4 /tmp/cc9z2Xoa.o
                0x0000000020000028                pNVIC_ISER
 .data.pRCC_AHBENR
                0x000000002000002c        0x4 /tmp/cc9z2Xoa.o
                0x000000002000002c                pRCC_AHBENR
 .data.pRCC_APB2ENR
                0x0000000020000030        0x4 /tmp/cc9z2Xoa.o
                0x0000000020000030                pRCC_APB2ENR
 .data.pTSC_CR  0x0000000020000034        0x4 /tmp/cc9z2Xoa.o
                0x0000000020000034                pTSC_CR
 .data.pTSC_ICR
                0x0000000020000038        0x4 /tmp/cc9z2Xoa.o
                0x0000000020000038                pTSC_ICR
 .data.pTSC_IER
                0x000000002000003c        0x4 /tmp/cc9z2Xoa.o
                0x000000002000003c                pTSC_IER
 .data.pTSC_IOCCR
                0x0000000020000040        0x4 /tmp/cc9z2Xoa.o
                0x0000000020000040                pTSC_IOCCR
 .data.pTSC_IOG1CR
                0x0000000020000044        0x4 /tmp/cc9z2Xoa.o
                0x0000000020000044                pTSC_IOG1CR
 .data.pTSC_IOG2CR
                0x0000000020000048        0x4 /tmp/cc9z2Xoa.o
                0x0000000020000048                pTSC_IOG2CR
 .data.pTSC_IOG3CR
                0x000000002000004c        0x4 /tmp/cc9z2Xoa.o
                0x000000002000004c                pTSC_IOG3CR
 .data.pTSC_IOGCSR
                0x0000000020000050        0x4 /tmp/cc9z2Xoa.o
                0x0000000020000050                pTSC_IOGCSR
 .data.pTSC_IOHCR
                0x0000000020000054        0x4 /tmp/cc9z2Xoa.o
                0x0000000020000054                pTSC_IOHCR
 .data.pTSC_IOSCR
                0x0000000020000058        0x4 /tmp/cc9z2Xoa.o
                0x0000000020000058                pTSC_IOSCR
 .data.pTSC_ISR
                0x000000002000005c        0x4 /tmp/cc9z2Xoa.o
                0x000000002000005c                pTSC_ISR
 .data.pUSART1_BRR
                0x0000000020000060        0x4 /tmp/cc9z2Xoa.o
                0x0000000020000060                pUSART1_BRR
 .data.pUSART1_CR
                0x0000000020000064        0x4 /tmp/cc9z2Xoa.o
                0x0000000020000064                pUSART1_CR
 .data.pUSART1_ISR
                0x0000000020000068        0x4 /tmp/cc9z2Xoa.o
                0x0000000020000068                pUSART1_ISR
 .data.pUSART1_TDR
                0x000000002000006c        0x4 /tmp/cc9z2Xoa.o
                0x000000002000006c                pUSART1_TDR
                0x0000000020000070                _edata = .
                0x0000000008000695                _srcdata = LOADADDR (.data)

.igot.plt       0x0000000020000070        0x0 load address 0x0000000008000705
 .igot.plt      0x0000000020000070        0x0 /tmp/cc9z2Xoa.o

.bss            0x0000000020000070       0x10 load address 0x0000000008000705
                0x0000000020000070                _sbss = .
 *(.bss SORT_BY_NAME(.bss.*) COMMON)
 .bss.new_data_available
                0x0000000020000070        0x1 /tmp/cc9z2Xoa.o
                0x0000000020000070                new_data_available
 *fill*         0x0000000020000071        0x3 
 .bss.sensor_data
                0x0000000020000074        0xc /tmp/cc9z2Xoa.o
                0x0000000020000074                sensor_data
                0x0000000020000080                _ebss = .
OUTPUT(firmware.elf elf32-littlearm)
LOAD linker stubs

.debug_info     0x0000000000000000      0xe9f
 .debug_info    0x0000000000000000      0x7d5 /tmp/cc9z2Xoa.o
 .debug_info    0x00000000000007d5      0x15c /usr/lib/gcc/arm-none-eabi/10.3.1/../../../arm-none-eabi/lib/thumb/v6-m/nofp/libc_nano.a(lib_a-memcpy-stub.o)
 .debug_info    0x0000000000000931      0x13d /usr/lib/gcc/arm-none-eabi/10.3.1/../../../arm-none-eabi/lib/thumb/v6-m/nofp/libc_nano.a(lib_a-memset.o)
 .debug_info    0x0000000000000a6e      0x431 /usr/lib/gcc/arm-none-eabi/10.3.1/thumb/v6-m/nofp/libgcc.a(_muldi3.o)

.debug_abbrev   0x0000000000000000      0x5df
 .debug_abbrev  0x0000000000000000      0x329 /tmp/cc9z2Xoa.o
 .debug_abbrev  0x0000000000000329       0xc7 /usr/lib/gcc/arm-none-eabi/10.3.1/../../../arm-none-eabi/lib/thumb/v6-m/nofp/libc_nano.a(lib_a-memcpy-stub.o)
 .debug_abbrev  0x00000000000003f0       0xb4 /usr/lib/gcc/arm-none-eabi/10.3.1/../../../arm-none-eabi/lib/thumb/v6-m/nofp/libc_nano.a(lib_a-memset.o)
 .debug_abbrev  0x00000000000004a4      0x13b /usr/lib/gcc/arm-none-eabi/10.3.1/thumb/v6-m/nofp/libgcc.a(_muldi3.o)

.debug_loc      0x0000000000000000      0xa7d
 .debug_loc     0x0000000000000000      0x1bc /tmp/cc9z2Xoa.o
 .debug_loc     0x00000000000001bc      0x457 /usr/lib/gcc/arm-none-eabi/10.3.1/../../../arm-none-eabi/lib/thumb/v6-m/nofp/libc_nano.a(lib_a-memcpy-stub.o)
 .debug_loc     0x0000000000000613      0x2a3 /usr/lib/gcc/arm-none-eabi/10.3.1/../../../arm-none-eabi/lib/thumb/v6-m/nofp/libc_nano.a(lib_a-memset.o)
 .debug_loc     0x00000000000008b6      0x1c7 /usr/lib/gcc/arm-none-eabi/10.3.1/thumb/v6-m/nofp/libgcc.a(_muldi3.o)

.debug_aranges  0x0000000000000000       0xd0
 .debug_aranges
                0x0000000000000000       0x70 /tmp/cc9z2Xoa.o
 .debug_aranges
                0x0000000000000070       0x20 /usr/lib/gcc/arm-none-eabi/10.3.1/../../../arm-none-eabi/lib/thumb/v6-m/nofp/libc_nano.a(lib_a-memcpy-stub.o)
 .debug_aranges
                0x0000000000000090       0x20 /usr/lib/gcc/arm-none-eabi/10.3.1/../../../arm-none-eabi/lib/thumb/v6-m/nofp/libc_nano.a(lib_a-memset.o)
 .debug_aranges
                0x00000000000000b0       0x20 /usr/lib/gcc/arm-none-eabi/10.3.1/thumb/v6-m/nofp/libgcc.a(_muldi3.o)

.debug_ranges   0x0000000000000000       0xe0
 .debug_ranges  0x0000000000000000       0xb0 /tmp/cc9z2Xoa.o
 .debug_ranges  0x00000000000000b0       0x30 /usr/lib/gcc/arm-none-eabi/10.3.1/thumb/v6-m/nofp/libgcc.a(_muldi3.o)

.debug_macro    0x0000000000000000      0xdb6
 .debug_macro   0x0000000000000000       0x26 /tmp/cc9z2Xoa.o
 .debug_macro   0x0000000000000026      0xa42 /tmp/cc9z2Xoa.o
 .debug_macro   0x0000000000000a68      0x34e /tmp/cc9z2Xoa.o

.debug_line     0x0000000000000000      0x987
 .debug_line    0x0000000000000000      0x4d6 /tmp/cc9z2Xoa.o
 .debug_line    0x00000000000004d6      0x1b5 /usr/lib/gcc/arm-none-eabi/10.3.1/../../../arm-none-eabi/lib/thumb/v6-m/nofp/libc_nano.a(lib_a-memcpy-stub.o)
 .debug_line    0x000000000000068b      0x1ce /usr/lib/gcc/arm-none-eabi/10.3.1/../../../arm-none-eabi/lib/thumb/v6-m/nofp/libc_nano.a(lib_a-memset.o)
 .debug_line    0x0000000000000859      0x12e /usr/lib/gcc/arm-none-eabi/10.3.1/thumb/v6-m/nofp/libgcc.a(_muldi3.o)

.debug_str      0x0000000000000000     0x3f75
 .debug_str     0x0000000000000000     0x37ea /tmp/cc9z2Xoa.o
                                       0x3965 (size before relaxing)
 .debug_str     0x00000000000037ea      0x14e /usr/lib/gcc/arm-none-eabi/10.3.1/../../../arm-none-eabi/lib/thumb/v6-m/nofp/libc_nano.a(lib_a-memcpy-stub.o)
                                        0x1de (size before relaxing)
 .debug_str     0x0000000000003938       0x9f /usr/lib/gcc/arm-none-eabi/10.3.1/../../../arm-none-eabi/lib/thumb/v6-m/nofp/libc_nano.a(lib_a-memset.o)
                                        0x1b9 (size before relaxing)
 .debug_str     0x00000000000039d7      0x59e /usr/lib/gcc/arm-none-eabi/10.3.1/thumb/v6-m/nofp/libgcc.a(_muldi3.o)
                                        0x62c (size before relaxing)

.comment        0x0000000000000000       0x33
 .comment       0x0000000000000000       0x33 /tmp/cc9z2Xoa.o
                                         0x34 (size before relaxing)
 .comment       0x0000000000000033       0x34 /usr/lib/gcc/arm-none-eabi/10.3.1/../../../arm-none-eabi/lib/thumb/v6-m/nofp/libc_nano.a(lib_a-memcpy-stub.o)
 .comment       0x0000000000000033       0x34 /usr/lib/gcc/arm-none-eabi/10.3.1/../../../arm-none-eabi/lib/thumb/v6-m/nofp/libc_nano.a(lib_a-memset.o)
 .comment       0x0000000000000033       0x34 /usr/lib/gcc/arm-none-eabi/10.3.1/thumb/v6-m/nofp/libgcc.a(_muldi3.o)

.ARM.attributes
                0x0000000000000000       0x2c
 .ARM.attributes
                0x0000000000000000       0x2c /tmp/cc9z2Xoa.o
 .ARM.attributes
                0x000000000000002c       0x2c /usr/lib/gcc/arm-none-eabi/10.3.1/../../../arm-none-eabi/lib/thumb/v6-m/nofp/libc_nano.a(lib_a-memcpy-stub.o)
 .ARM.attributes
                0x0000000000000058       0x2c /usr/lib/gcc/arm-none-eabi/10.3.1/../../../arm-none-eabi/lib/thumb/v6-m/nofp/libc_nano.a(lib_a-memset.o)
 .ARM.attributes
                0x0000000000000084       0x2c /usr/lib/gcc/arm-none-eabi/10.3.1/thumb/v6-m/nofp/libgcc.a(_muldi3.o)

.debug_frame    0x0000000000000000      0x198
 .debug_frame   0x0000000000000000      0x100 /tmp/cc9z2Xoa.o
 .debug_frame   0x0000000000000100       0x34 /usr/lib/gcc/arm-none-eabi/10.3.1/../../../arm-none-eabi/lib/thumb/v6-m/nofp/libc_nano.a(lib_a-memcpy-stub.o)
 .debug_frame   0x0000000000000134       0x30 /usr/lib/gcc/arm-none-eabi/10.3.1/../../../arm-none-eabi/lib/thumb/v6-m/nofp/libc_nano.a(lib_a-memset.o)
 .debug_frame   0x0000000000000164       0x34 /usr/lib/gcc/arm-none-eabi/10.3.1/thumb/v6-m/nofp/libgcc.a(_muldi3.o)
